This is pdfTeX, Version 3.141592653-2.6-1.40.22 (TeX Live 2022/dev/Debian) (preloaded format=pdflatex 2024.3.26)  19 JUL 2024 17:05
entering extended mode
 restricted \write18 enabled.
 %&-line parsing enabled.
**Principal.tex
(./Principal.tex
LaTeX2e <2021-11-15> patch level 1
L3 programming layer <2022-01-21>
(/usr/share/texlive/texmf-dist/tex/latex/base/book.cls
Document Class: book 2021/10/04 v1.4n Standard LaTeX document class
(/usr/share/texlive/texmf-dist/tex/latex/base/bk12.clo
File: bk12.clo 2021/10/04 v1.4n Standard LaTeX file (size option)
)
\c@part=\count185
\c@chapter=\count186
\c@section=\count187
\c@subsection=\count188
\c@subsubsection=\count189
\c@paragraph=\count190
\c@subparagraph=\count191
\c@figure=\count192
\c@table=\count193
\abovecaptionskip=\skip47
\belowcaptionskip=\skip48
\bibindent=\dimen138
) (./TesePack.tex
(/usr/share/texlive/texmf-dist/tex/latex/tools/layout.sty
Package: layout 2021-03-10 v1.2e Show layout parameters
\oneinch=\count194
\cnt@paperwidth=\count195
\cnt@paperheight=\count196
\cnt@hoffset=\count197
\cnt@voffset=\count198
\cnt@textheight=\count199
\cnt@textwidth=\count266
\cnt@topmargin=\count267
\cnt@oddsidemargin=\count268
\cnt@evensidemargin=\count269
\cnt@headheight=\count270
\cnt@headsep=\count271
\cnt@marginparsep=\count272
\cnt@marginparwidth=\count273
\cnt@marginparpush=\count274
\cnt@footskip=\count275
\fheight=\count276
\ref@top=\count277
\ref@hoffset=\count278
\ref@voffset=\count279
\ref@head=\count280
\ref@body=\count281
\ref@foot=\count282
\ref@margin=\count283
\ref@marginwidth=\count284
\ref@marginpar=\count285
\Interval=\count286
\ExtraYPos=\count287
\PositionX=\count288
\PositionY=\count289
\ArrowLength=\count290
)
(/usr/share/texlive/texmf-dist/tex/generic/babel/babel.sty
Package: babel 2022/01/26 3.70 The Babel package
\babel@savecnt=\count291
\U@D=\dimen139
\l@unhyphenated=\language6

(/usr/share/texlive/texmf-dist/tex/generic/babel/txtbabel.def)
\bbl@readstream=\read2
\bbl@dirlevel=\count292

(/usr/share/texlive/texmf-dist/tex/generic/babel-english/english.ldf
Language: english 2017/06/06 v3.3r English support from the babel system
Package babel Info: Hyphen rules for 'canadian' set to \l@english
(babel)             (\language0). Reported on input line 102.
Package babel Info: Hyphen rules for 'australian' set to \l@ukenglish
(babel)             (\language3). Reported on input line 105.
Package babel Info: Hyphen rules for 'newzealand' set to \l@ukenglish
(babel)             (\language3). Reported on input line 108.
)
(/usr/share/texlive/texmf-dist/tex/generic/babel-portuges/brazil.ldf
Language: portuges 2021/07/09 v1.2t Portuguese support from the babel system
Package babel Info: Hyphen rules for 'brazil' set to \l@portuguese
(babel)             (\language5). Reported on input line 111.
Package babel Info: Making " an active character on input line 143.
))
(./pagina.sty) (./indentfirst.sty
Package: indentfirst 1994/05/23 v1.02 Indent first paragraph (DPC)
)
(/usr/share/texlive/texmf-dist/tex/latex/base/inputenc.sty
Package: inputenc 2021/02/14 v1.3d Input encoding file
\inpenc@prehook=\toks16
\inpenc@posthook=\toks17

(/usr/share/texlive/texmf-dist/tex/latex/base/latin1.def
File: latin1.def 2021/02/14 v1.3d Input encoding file
))
(/usr/share/texlive/texmf-dist/tex/latex/graphics/graphics.sty
Package: graphics 2021/03/04 v1.4d Standard LaTeX Graphics (DPC,SPQR)

(/usr/share/texlive/texmf-dist/tex/latex/graphics/trig.sty
Package: trig 2021/08/11 v1.11 sin cos tan (DPC)
)
(/usr/share/texlive/texmf-dist/tex/latex/graphics-cfg/graphics.cfg
File: graphics.cfg 2016/06/04 v1.11 sample graphics configuration
)
Package graphics Info: Driver file: pdftex.def on input line 107.

(/usr/share/texlive/texmf-dist/tex/latex/graphics-def/pdftex.def
File: pdftex.def 2020/10/05 v1.2a Graphics/color driver for pdftex
))
(/usr/share/texlive/texmf-dist/tex/latex/graphics/epsfig.sty
Package: epsfig 2017/06/25 v1.7b (e)psfig emulation (SPQR)

(/usr/share/texlive/texmf-dist/tex/latex/graphics/graphicx.sty
Package: graphicx 2021/09/16 v1.2d Enhanced LaTeX Graphics (DPC,SPQR)

(/usr/share/texlive/texmf-dist/tex/latex/graphics/keyval.sty
Package: keyval 2014/10/28 v1.15 key=value parser (DPC)
\KV@toks@=\toks18
)
\Gin@req@height=\dimen140
\Gin@req@width=\dimen141
)
\epsfxsize=\dimen142
\epsfysize=\dimen143
)
(/usr/share/texlive/texmf-dist/tex/latex/pstricks/pstricks.sty
Package: pstricks 2021/08/23 v0.71 LaTeX wrapper for `PSTricks' (RN,HV)

(/usr/share/texlive/texmf-dist/tex/generic/iftex/iftex.sty
Package: iftex 2020/03/06 v1.0d TeX engine tests
)
(/usr/share/texlive/texmf-dist/tex/latex/xcolor/xcolor.sty
Package: xcolor 2021/10/31 v2.13 LaTeX color extensions (UK)

(/usr/share/texlive/texmf-dist/tex/latex/graphics-cfg/color.cfg
File: color.cfg 2016/01/02 v1.6 sample color configuration
)
Package xcolor Info: Driver file: pdftex.def on input line 227.
Package xcolor Info: Model `cmy' substituted by `cmy0' on input line 1352.
Package xcolor Info: Model `hsb' substituted by `rgb' on input line 1356.
Package xcolor Info: Model `RGB' extended on input line 1368.
Package xcolor Info: Model `HTML' substituted by `rgb' on input line 1370.
Package xcolor Info: Model `Hsb' substituted by `hsb' on input line 1371.
Package xcolor Info: Model `tHsb' substituted by `hsb' on input line 1372.
Package xcolor Info: Model `HSB' substituted by `hsb' on input line 1373.
Package xcolor Info: Model `Gray' substituted by `gray' on input line 1374.
Package xcolor Info: Model `wave' substituted by `hsb' on input line 1375.
)
(/usr/share/texlive/texmf-dist/tex/generic/xkeyval/pst-xkey.tex
File: pst-xkey.tex 2005/11/25 v1.6 PSTricks specialization of xkeyval (HA)

(/usr/share/texlive/texmf-dist/tex/latex/xkeyval/xkeyval.sty
Package: xkeyval 2020/11/20 v2.8 package option processing (HA)

(/usr/share/texlive/texmf-dist/tex/generic/xkeyval/xkeyval.tex
(/usr/share/texlive/texmf-dist/tex/generic/xkeyval/xkvutils.tex
\XKV@toks=\toks19
\XKV@tempa@toks=\toks20
)
\XKV@depth=\count293
File: xkeyval.tex 2014/12/03 v2.7a key=value parser (HA)
)))
(/usr/share/texlive/texmf-dist/tex/generic/pstricks/pstricks.tex
(/usr/share/texlive/texmf-dist/tex/generic/pstricks/pst-fp.tex
`pst-fp' v0.06, 2020/11/20 (hv)
\pstFP@xs=\count294
\pstFP@xia=\count295
\pstFP@xib=\count296
\pstFP@xfa=\count297
\pstFP@xfb=\count298
\pstFP@rega=\count299
\pstFP@regb=\count300
\pstFP@regs=\count301
\pstFP@times=\count302
)
(/usr/share/texlive/texmf-dist/tex/generic/pgf/utilities/pgfutil-common.tex
\pgfutil@everybye=\toks21
\pgfutil@tempdima=\dimen144
\pgfutil@tempdimb=\dimen145

(/usr/share/texlive/texmf-dist/tex/generic/pgf/utilities/pgfutil-common-lists.t
ex)) (/usr/share/texlive/texmf-dist/tex/generic/pgf/utilities/pgfkeys.code.tex
\pgfkeys@pathtoks=\toks22
\pgfkeys@temptoks=\toks23

(/usr/share/texlive/texmf-dist/tex/generic/pgf/utilities/pgfkeysfiltered.code.t
ex
\pgfkeys@tmptoks=\toks24
)) (/usr/share/texlive/texmf-dist/tex/generic/pgf/utilities/pgffor.code.tex
Loading pgffor.code.tex
(/usr/share/texlive/texmf-dist/tex/generic/pgf/math/pgfmath.code.tex
(/usr/share/texlive/texmf-dist/tex/generic/pgf/math/pgfmathcalc.code.tex
(/usr/share/texlive/texmf-dist/tex/generic/pgf/math/pgfmathutil.code.tex
\pgf@x=\dimen146
\pgf@xa=\dimen147
\pgf@xb=\dimen148
\pgf@xc=\dimen149
\pgf@y=\dimen150
\pgf@ya=\dimen151
\pgf@yb=\dimen152
\pgf@yc=\dimen153
\c@pgf@counta=\count303
\c@pgf@countb=\count304
\c@pgf@countc=\count305
\c@pgf@countd=\count306
\pgfutil@tempcnta=\count307
\pgfutil@tempcntb=\count308
)
(/usr/share/texlive/texmf-dist/tex/generic/pgf/math/pgfmathparser.code.tex
\pgfmath@dimen=\dimen154
\pgfmath@count=\count309
\pgfmath@box=\box50
\pgfmath@toks=\toks25
\pgfmath@stack@operand=\toks26
\pgfmath@stack@operation=\toks27
)
(/usr/share/texlive/texmf-dist/tex/generic/pgf/math/pgfmathfunctions.code.tex
(/usr/share/texlive/texmf-dist/tex/generic/pgf/math/pgfmathfunctions.basic.code
.tex)
(/usr/share/texlive/texmf-dist/tex/generic/pgf/math/pgfmathfunctions.trigonomet
ric.code.tex)
(/usr/share/texlive/texmf-dist/tex/generic/pgf/math/pgfmathfunctions.random.cod
e.tex)
(/usr/share/texlive/texmf-dist/tex/generic/pgf/math/pgfmathfunctions.comparison
.code.tex)
(/usr/share/texlive/texmf-dist/tex/generic/pgf/math/pgfmathfunctions.base.code.
tex)
(/usr/share/texlive/texmf-dist/tex/generic/pgf/math/pgfmathfunctions.round.code
.tex)
(/usr/share/texlive/texmf-dist/tex/generic/pgf/math/pgfmathfunctions.misc.code.
tex)
(/usr/share/texlive/texmf-dist/tex/generic/pgf/math/pgfmathfunctions.integerari
thmetics.code.tex)))
(/usr/share/texlive/texmf-dist/tex/generic/pgf/math/pgfmathfloat.code.tex
\c@pgfmathroundto@lastzeros=\count310
))
\pgffor@iter=\dimen155
\pgffor@skip=\dimen156
\pgffor@stack=\toks28
\pgffor@toks=\toks29
)
\psLoopIndex=\count311

`PSTricks' v3.13  <2022/01/09> (tvz,hv)
\pst@dima=\dimen157
\pst@dimb=\dimen158
\pst@dimc=\dimen159
\pst@dimd=\dimen160
\pst@dimg=\dimen161
\pst@dimh=\dimen162
\pst@dimm=\dimen163
\pst@dimn=\dimen164
\pst@dimo=\dimen165
\pst@dimp=\dimen166
\pst@hbox=\box51
\pst@ibox=\box52
\pst@boxg=\box53
\pst@cnta=\count312
\pst@cntb=\count313
\pst@cntc=\count314
\pst@cntd=\count315
\pst@cntg=\count316
\pst@cnth=\count317
\pst@cntm=\count318
\pst@cntn=\count319
\pst@cnto=\count320
\pst@cntp=\count321
\@zero=\count322
\pst@toks=\toks30
--- We are running latex or xelatex ---
(/usr/share/texlive/texmf-dist/tex/generic/pstricks/pstricks.con)
(/usr/share/texlive/texmf-dist/tex/generic/pstricks/pstricks-color.tex)
\psunit=\dimen167
\psxunit=\dimen168
\psyunit=\dimen169
\pst@C@@rType=\count323
\pslinewidth=\dimen170
\psk@startLW=\dimen171
\psk@endLW=\dimen172

(/usr/share/texlive/texmf-dist/tex/generic/pstricks/pstricks-arrows.tex
\pshooklength=\dimen173
\pshookwidth=\dimen174
)
\pst@customdefs=\toks31

(/usr/share/texlive/texmf-dist/tex/generic/pstricks/pstricks-dots.tex)
\pslinearc=\dimen175
\pst@symbolStep=\dimen176
\pst@symbolWidth=\dimen177
\pst@symbolLinewidth=\dimen178
\everypsbox=\toks32
\psframesep=\dimen179
\pslabelsep=\dimen180
\sh@wgridXunit=\dimen181
\sh@wgridYunit=\dimen182
\pst@shift=\dimen183
\ps@imagectr=\count324

(/usr/share/texlive/texmf-dist/tex/generic/pstricks/pstricks.con))
File: pstricks.tex 2022/01/09 v3.13 `PSTricks' (tvz,hv)

(/usr/share/texlive/texmf-dist/tex/generic/pstricks/pst-fp.tex
`pst-fp' v0.06, 2020/11/20 (hv))
File: pst-fp.tex 2020/11/20 v0.06 `PST-fp' (hv)
)
(/usr/share/texlive/texmf-dist/tex/latex/pst-node/pst-node.sty
Package: pst-node 2012/09/18 v1.01 LaTeX wrapper for `pst-node' (HV)
Package: pst-node 2010/04/22 package wrapper for pst-node.tex

(/usr/share/texlive/texmf-dist/tex/generic/pst-node/pst-node.tex
 v1.43, 2022/01/31
\psrow=\count325
\pscol=\count326
\psmatrixcnt=\count327
\psrowsep=\skip49
\pscolsep=\skip50
\pst@args=\count328
\num@pts=\count329
\pst@argcnt=\count330
)
File: pst-node.tex 2022/01/31 1.43 `pst-node' (tvz,hv)
)
(/usr/share/texlive/texmf-dist/tex/latex/pst-tree/pst-tree.sty
Package: pst-tree 2009/01/25 package wrapper for pst-tree.tex

(/usr/share/texlive/texmf-dist/tex/generic/pst-tree/pst-tree.tex
 v1.14, 2021/09/04(tvz,dg,hv)
\pstree@rootbox=\box54
\pstree@box=\box55
\psnodecnt=\count331
\pstreelevel=\count332
\pstreecnt=\count333
\pstree@cnt=\count334
\pstree@stop=\count335
)
File: pst-tree.tex 2021/09/04 1.14 `pst-tree' (tvz,hv)
)
(/usr/share/texlive/texmf-dist/tex/latex/base/alltt.sty
Package: alltt 2021/01/29 v2.0g defines alltt environment
) (./rotating.sty
Package: rotating 94/04/15 2 SPQR

Style option: rotating 2 <94/04/15> (SPQR / LMB)
) (/usr/share/texlive/texmf-dist/tex/latex/tools/enumerate.sty
Package: enumerate 2015/07/23 v3.00 enumerate extensions (DPC)
\@enLab=\toks33
)
(/usr/share/texlive/texmf-dist/tex/latex/amsmath/amsmath.sty
Package: amsmath 2021/10/15 v2.17l AMS math features
\@mathmargin=\skip51

For additional information on amsmath, use the `?' option.
(/usr/share/texlive/texmf-dist/tex/latex/amsmath/amstext.sty
Package: amstext 2021/08/26 v2.01 AMS text

(/usr/share/texlive/texmf-dist/tex/latex/amsmath/amsgen.sty
File: amsgen.sty 1999/11/30 v2.0 generic functions
\@emptytoks=\toks34
\ex@=\dimen184
))
(/usr/share/texlive/texmf-dist/tex/latex/amsmath/amsbsy.sty
Package: amsbsy 1999/11/29 v1.2d Bold Symbols
\pmbraise@=\dimen185
)
(/usr/share/texlive/texmf-dist/tex/latex/amsmath/amsopn.sty
Package: amsopn 2021/08/26 v2.02 operator names
)
\inf@bad=\count336
LaTeX Info: Redefining \frac on input line 234.
\uproot@=\count337
\leftroot@=\count338
LaTeX Info: Redefining \overline on input line 399.
\classnum@=\count339
\DOTSCASE@=\count340
LaTeX Info: Redefining \ldots on input line 496.
LaTeX Info: Redefining \dots on input line 499.
LaTeX Info: Redefining \cdots on input line 620.
\Mathstrutbox@=\box56
\strutbox@=\box57
\big@size=\dimen186
LaTeX Font Info:    Redeclaring font encoding OML on input line 743.
LaTeX Font Info:    Redeclaring font encoding OMS on input line 744.
\macc@depth=\count341
\c@MaxMatrixCols=\count342
\dotsspace@=\muskip16
\c@parentequation=\count343
\dspbrk@lvl=\count344
\tag@help=\toks35
\row@=\count345
\column@=\count346
\maxfields@=\count347
\andhelp@=\toks36
\eqnshift@=\dimen187
\alignsep@=\dimen188
\tagshift@=\dimen189
\tagwidth@=\dimen190
\totwidth@=\dimen191
\lineht@=\dimen192
\@envbody=\toks37
\multlinegap=\skip52
\multlinetaggap=\skip53
\mathdisplay@stack=\toks38
LaTeX Info: Redefining \[ on input line 2938.
LaTeX Info: Redefining \] on input line 2939.
)
(/usr/share/texlive/texmf-dist/tex/latex/amsfonts/amssymb.sty
Package: amssymb 2013/01/14 v3.01 AMS font symbols

(/usr/share/texlive/texmf-dist/tex/latex/amsfonts/amsfonts.sty
Package: amsfonts 2013/01/14 v3.01 Basic AMSFonts support
\symAMSa=\mathgroup4
\symAMSb=\mathgroup5
LaTeX Font Info:    Redeclaring math symbol \hbar on input line 98.
LaTeX Font Info:    Overwriting math alphabet `\mathfrak' in version `bold'
(Font)                  U/euf/m/n --> U/euf/b/n on input line 106.
))
(./portland.sty
\paperheight=\dimen193
\phoffset=\dimen194
\pvoffset=\dimen195
\ptextwidth=\dimen196
\ptextheight=\dimen197
\ptopmargin=\dimen198
\poddsidemargin=\dimen199
\pevensidemargin=\dimen256
\lhoffset=\dimen257
\lvoffset=\dimen258
\ltextwidth=\dimen259
\ltextheight=\dimen260
\ltopmargin=\dimen261
\loddsidemargin=\dimen262
\levensidemargin=\dimen263
) (/usr/share/texlive/texmf-dist/tex/latex/multirow/multirow.sty
Package: multirow 2021/03/15 v2.8 Span multiple rows of a table
\multirow@colwidth=\skip54
\multirow@cntb=\count348
\multirow@dima=\skip55
\bigstrutjot=\dimen264
)) (/usr/share/texlive/texmf-dist/tex/latex/tools/longtable.sty
Package: longtable 2021-09-01 v4.17 Multi-page Table package (DPC)
\LTleft=\skip56
\LTright=\skip57
\LTpre=\skip58
\LTpost=\skip59
\LTchunksize=\count349
\LTcapwidth=\dimen265
\LT@head=\box58
\LT@firsthead=\box59
\LT@foot=\box60
\LT@lastfoot=\box61
\LT@gbox=\box62
\LT@cols=\count350
\LT@rows=\count351
\c@LT@tables=\count352
\c@LT@chunks=\count353
\LT@p@ftn=\toks39
)
(/usr/share/texlive/texmf-dist/tex/latex/l3backend/l3backend-pdftex.def
File: l3backend-pdftex.def 2022-01-12 L3 backend support: PDF output (pdfTeX)
\l__color_backend_stack_int=\count354
\l__pdf_internal_box=\box63
)
(./Principal.aux)
\openout1 = `Principal.aux'.

LaTeX Font Info:    Checking defaults for OML/cmm/m/it on input line 4.
LaTeX Font Info:    ... okay on input line 4.
LaTeX Font Info:    Checking defaults for OMS/cmsy/m/n on input line 4.
LaTeX Font Info:    ... okay on input line 4.
LaTeX Font Info:    Checking defaults for OT1/cmr/m/n on input line 4.
LaTeX Font Info:    ... okay on input line 4.
LaTeX Font Info:    Checking defaults for T1/cmr/m/n on input line 4.
LaTeX Font Info:    ... okay on input line 4.
LaTeX Font Info:    Checking defaults for TS1/cmr/m/n on input line 4.
LaTeX Font Info:    ... okay on input line 4.
LaTeX Font Info:    Checking defaults for OMX/cmex/m/n on input line 4.
LaTeX Font Info:    ... okay on input line 4.
LaTeX Font Info:    Checking defaults for U/cmr/m/n on input line 4.
LaTeX Font Info:    ... okay on input line 4.

(/usr/share/texlive/texmf-dist/tex/context/base/mkii/supp-pdf.mkii
[Loading MPS to PDF converter (version 2006.09.02).]
\scratchcounter=\count355
\scratchdimen=\dimen266
\scratchbox=\box64
\nofMPsegments=\count356
\nofMParguments=\count357
\everyMPshowfont=\toks40
\MPscratchCnt=\count358
\MPscratchDim=\dimen267
\MPnumerator=\count359
\makeMPintoPDFobject=\count360
\everyMPtoPDFconversion=\toks41
) (/usr/share/texlive/texmf-dist/tex/latex/epstopdf-pkg/epstopdf-base.sty
Package: epstopdf-base 2020-01-24 v2.11 Base part for package epstopdf
Package epstopdf-base Info: Redefining graphics rule for `.eps' on input line 4
85.

(/usr/share/texlive/texmf-dist/tex/latex/latexconfig/epstopdf-sys.cfg
File: epstopdf-sys.cfg 2010/07/13 v1.3 Configuration of (r)epstopdf for TeX Liv
e
))
(./Capa.tex
Package epstopdf Info: Source file: <./figuras//poli_novo.eps>
(epstopdf)                    date: 2024-07-19 16:59:47
(epstopdf)                    size: 52673 bytes
(epstopdf)             Output file: <./figuras//poli_novo-eps-converted-to.pdf>

(epstopdf)                    date: 2024-07-19 17:03:29
(epstopdf)                    size: 30557 bytes
(epstopdf)             Command: <repstopdf --outfile=./figuras//poli_novo-eps-c
onverted-to.pdf ./figuras//poli_novo.eps>
(epstopdf)             \includegraphics on input line 1.
Package epstopdf Info: Output file is already uptodate.
<./figuras//poli_novo-eps-converted-to.pdf, id=1, 104.39pt x 45.16875pt>
File: ./figuras//poli_novo-eps-converted-to.pdf Graphic file (type pdf)
<use ./figuras//poli_novo-eps-converted-to.pdf>
Package pdftex.def Info: ./figuras//poli_novo-eps-converted-to.pdf  used on inp
ut line 1.
(pdftex.def)             Requested size: 156.58458pt x 67.75293pt.

Underfull \hbox (badness 10000) in paragraph at lines 10--10

 []

LaTeX Font Info:    Trying to load font information for U+msa on input line 10.

(/usr/share/texlive/texmf-dist/tex/latex/amsfonts/umsa.fd
File: umsa.fd 2013/01/14 v3.01 AMS symbols A
)
LaTeX Font Info:    Trying to load font information for U+msb on input line 10.


(/usr/share/texlive/texmf-dist/tex/latex/amsfonts/umsb.fd
File: umsb.fd 2013/01/14 v3.01 AMS symbols B
)
Overfull \hbox (2.61107pt too wide) in paragraph at lines 9--14
   $[]$
 []

[1
Non-PDF special ignored!
<special> header=pstricks.pro
Non-PDF special ignored!
<special> header=pst-algparser.pro
Non-PDF special ignored!
<special> header=pst-tools.pro
Non-PDF special ignored!
<special> header=pst-dots.pro
Non-PDF special ignored!
<special> header=pst-node.pro

Non-PDF special ignored!
<special> ps: /pssetRGBcolor /setrgbcolor load def /pssetCMYKcolor /setcmyk...
Non-PDF special ignored!
<special> ps:tx@Dict begin  gsave STV CP T /ps@rot 0 def grestore  end
Non-PDF special ignored!
<special> ps:tx@Dict begin  gsave STV CP T /ps@refangle 0.  def grestore  e...
Non-PDF special ignored!
<special> ps:0.8 setlinewidth 0 setgray
Non-PDF special ignored!
<special> ps:tx@Dict begin  gsave STV CP T /ps@rot 0 def grestore  end
Non-PDF special ignored!
<special> ps:0.8 setlinewidth 0 setgray

{/var/lib/texmf/fonts/map/pdftex/updmap/pdftex.map} <./figuras//poli_novo-eps-c
onverted-to.pdf>]
Overfull \hbox (1.744pt too wide) in paragraph at lines 32--33
\OT1/cmr/m/n/12 PROJETO DE GRADUA[][]AO SUB-ME-TIDO AO CORPO DO-CENTE DO CURSO
 []

) [2] (./Preambulo.tex
Underfull \hbox (badness 10000) in paragraph at lines 8--16

 []

[3] [4] [5] [6] [7] [8] [9]) (./Principal.toc)
\tf@toc=\write3
\openout3 = `Principal.toc'.

 [10

] (./Principal.lof)
\tf@lof=\write4
\openout4 = `Principal.lof'.

 [11

]
(./Principal.lot
Overfull \hbox (17.1551pt too wide) in paragraph at lines 4--4
 [][] []\OT1/cmr/m/n/12 Casos de ata-ques aos com-pu-ta-do-res da In-tra-net. F
onte: DEL/Poli/UFRJ 
 []

)
\tf@lot=\write5
\openout5 = `Principal.lot'.

 [12

]
Cap\'{\i }tulo 1.
(./cap1.tex [1



]) [2]
Cap\'{\i }tulo 2.
(./cap2.tex [3

]
Package epstopdf Info: Source file: <./figuras//logo_del.eps>
(epstopdf)                    date: 2023-07-12 16:09:58
(epstopdf)                    size: 227930 bytes
(epstopdf)             Output file: <./figuras//logo_del-eps-converted-to.pdf>
(epstopdf)                    date: 2023-07-12 16:09:58
(epstopdf)                    size: 3542 bytes
(epstopdf)             Command: <repstopdf --outfile=./figuras//logo_del-eps-co
nverted-to.pdf ./figuras//logo_del.eps>
(epstopdf)             \includegraphics on input line 28.
Package epstopdf Info: Output file is already uptodate.
<./figuras//logo_del-eps-converted-to.pdf, id=57, 238.8925pt x 81.30376pt>
File: ./figuras//logo_del-eps-converted-to.pdf Graphic file (type pdf)
<use ./figuras//logo_del-eps-converted-to.pdf>
Package pdftex.def Info: ./figuras//logo_del-eps-converted-to.pdf  used on inpu
t line 28.
(pdftex.def)             Requested size: 238.8919pt x 81.30354pt.

Overfull \hbox (2.19681pt too wide) in paragraph at lines 33--34
\OT1/cmr/m/n/12 tra-ta-das es-ta-tis-ti-ca-mente cons-ti-tuindo uma uni-dade au
t^onoma. Em sua apre-senta^^Xc~ao
 []

[4 <./figuras//logo_del-eps-converted-to.pdf>]
Underfull \hbox (badness 3792) in paragraph at lines 37--37
[]\OT1/cmr/m/n/12 Tabela 2.1: Ca-sos de ata-ques aos com-pu-ta-do-res da In-tra
-net. Fonte:
 []

[5]) [6]
Cap\'{\i }tulo 3.
(./cap3.tex) [7

] (./Principal.bbl) [8


]
Ap\^endice A.
(./ApendiceA.tex) [9

]
Ap\^endice B.
(./ApendiceB.tex
Package epstopdf Info: Source file: <./figuras//Capa_do_Projeto_Final.eps>
(epstopdf)                    date: 2023-07-12 16:09:58
(epstopdf)                    size: 638238 bytes
(epstopdf)             Output file: <./figuras//Capa_do_Projeto_Final-eps-conve
rted-to.pdf>
(epstopdf)                    date: 2023-07-12 16:09:58
(epstopdf)                    size: 37079 bytes
(epstopdf)             Command: <repstopdf --outfile=./figuras//Capa_do_Projeto
_Final-eps-converted-to.pdf ./figuras//Capa_do_Projeto_Final.eps>
(epstopdf)             \includegraphics on input line 9.
Package epstopdf Info: Output file is already uptodate.
<./figuras//Capa_do_Projeto_Final-eps-converted-to.pdf, id=80, 420.57124pt x 52
0.94624pt>
File: ./figuras//Capa_do_Projeto_Final-eps-converted-to.pdf Graphic file (type 
pdf)
<use ./figuras//Capa_do_Projeto_Final-eps-converted-to.pdf>
Package pdftex.def Info: ./figuras//Capa_do_Projeto_Final-eps-converted-to.pdf 
 used on input line 9.
(pdftex.def)             Requested size: 420.57022pt x 520.94498pt.

Overfull \hbox (50.6844pt too wide) in paragraph at lines 9--9
 [] 
 []

) [10

] [11 <./figuras//Capa_do_Projeto_Final-eps-converted-to.pdf>]
Ap\^endice C.
(./ApendiceC.tex) [12

] (./Principal.aux) ) 
Here is how much of TeX's memory you used:
 12490 strings out of 480186
 218369 string characters out of 5894355
 527114 words of memory out of 5000000
 30221 multiletter control sequences out of 15000+600000
 476368 words of font info for 54 fonts, out of 8000000 for 9000
 38 hyphenation exceptions out of 8191
 60i,9n,65p,723b,401s stack positions out of 5000i,500n,10000p,200000b,80000s
</usr/share/texlive/texmf-dist/fonts/type1/public/amsfonts
/cm/cmbx12.pfb></usr/share/texlive/texmf-dist/fonts/type1/public/amsfonts/cm/cm
r10.pfb></usr/share/texlive/texmf-dist/fonts/type1/public/amsfonts/cm/cmr12.pfb
></usr/share/texlive/texmf-dist/fonts/type1/public/amsfonts/cm/cmti12.pfb>
Output written on Principal.pdf (24 pages, 155958 bytes).
PDF statistics:
 160 PDF objects out of 1000 (max. 8388607)
 74 compressed objects within 1 object stream
 0 named destinations out of 1000 (max. 500000)
 16 words of extra memory for PDF output out of 10000 (max. 10000000)

