
**** 08/25/25 14:54:54 **** PSpice 23.1.0 (30 January 2024) *** ID# 0 ********

 ** Profile: "Baxandall-ACSweep"  [ C:\Rafael\UFRJ\TCC\Simulations\TCC-PSpiceFiles\Baxandall\ACSweep.sim ] 


 ****     CIRCUIT DESCRIPTION


******************************************************************************




** Creating circuit file "ACSweep.cir" 
** WARNING: THIS AUTOMATICALLY GENERATED FILE MAY BE OVERWRITTEN BY SUBSEQUENT SIMULATIONS

*Libraries: 
* Profile Libraries :
* Local Libraries :
* From [PSPICE NETLIST] section of C:\cds_spb_home\cdssetup\OrCAD_PSpiceTIPSpice_Install\23.1.0\PSpice.ini file:
.lib "nom_pspti.lib" 
.lib "nom.lib" 

*Analysis directives: 
.AC DEC 1000 10 1Meg
.OPTIONS ADVCONV
.OPTIONS FILEMODELSEARCH
.PROBE64 V(alias(*)) I(alias(*)) W(alias(*)) D(alias(*)) NOISE(alias(*)) 
.INC "..\Baxandall.net" 



**** INCLUDING Baxandall.net ****
* source TCC
X_U1         0 N00369 +12 -12 N00811 TL072
V_V1         +12 0 12V
V_V2         0 -12 12V
X_R1         N00169 N00365 N00181 POT PARAMS: SET=0.5 VALUE=100k
C_C1         N00169 N00181  4.7n  
R_R2         N00181 N00811  3.9k  
R_R3         N00841 N00169  3.9k  
C_C2         N00369 N00365  22n  
C_C3         N01558 N00369  3.9n  
X_R4         N01554 N01558 N01550 POT PARAMS: SET=1 VALUE=500k
R_R5         N01550 N00811  1.8k  
R_R6         N00841 N01554  1.8k  
X_R8         N00611 N00697 N00619 POT PARAMS: SET=0.5 VALUE=100k
C_C4         N00611 N00619  47n  
R_R7         N00841 N00611  12k  
R_R9         N00619 N00811  12k  
R_R10         N00369 N00697  12k  
V_V3         N00841 0  AC 1
+SIN 0 1 1k 0 0 0

**** RESUMING ACSweep.cir ****
.END

**** 08/25/25 14:54:54 **** PSpice 23.1.0 (30 January 2024) *** ID# 0 ********

 ** Profile: "Baxandall-ACSweep"  [ C:\Rafael\UFRJ\TCC\Simulations\TCC-PSpiceFiles\Baxandall\ACSweep.sim ] 


 ****     Diode MODEL PARAMETERS


******************************************************************************




               X_U1.DX         
          IS  800.000000E-18 


**** 08/25/25 14:54:54 **** PSpice 23.1.0 (30 January 2024) *** ID# 0 ********

 ** Profile: "Baxandall-ACSweep"  [ C:\Rafael\UFRJ\TCC\Simulations\TCC-PSpiceFiles\Baxandall\ACSweep.sim ] 


 ****     Junction FET MODEL PARAMETERS


******************************************************************************




               X_U1.JX         
               PJF             
         VTO   -1            
        BETA  270.100000E-06 
          IS   15.000000E-12 


**** 08/25/25 14:54:54 **** PSpice 23.1.0 (30 January 2024) *** ID# 0 ********

 ** Profile: "Baxandall-ACSweep"  [ C:\Rafael\UFRJ\TCC\Simulations\TCC-PSpiceFiles\Baxandall\ACSweep.sim ] 


 ****     SMALL SIGNAL BIAS SOLUTION       TEMPERATURE =   27.000 DEG C


******************************************************************************



 NODE   VOLTAGE     NODE   VOLTAGE     NODE   VOLTAGE     NODE   VOLTAGE


(  +12)   12.0000  (  -12)  -12.0000  (N00169) 924.6E-09 (N00181) 24.63E-06     

(N00365) 12.78E-06 (N00369) 10.97E-06 (N00611) 2.221E-06 (N00619) 22.83E-06     

(N00697) 11.48E-06 (N00811) 25.56E-06 (N00841)    0.0000 (N01550) 25.47E-06     

(N01554) 91.35E-09 (N01558) 91.35E-09 (X_U1.6)-3.641E-09 (X_U1.7) 25.64E-06     

(X_U1.8) 25.64E-06 (X_U1.9)    0.0000 (X_U1.10)    -.3986                       

(X_U1.11)  -11.6550                   (X_U1.12)  -11.6550                       

(X_U1.53)    9.8000                   (X_U1.54)   -9.8000                       

(X_U1.90) 515.0E-09                   (X_U1.91)   25.0000                       

(X_U1.92)  -25.0000                   (X_U1.99)    0.0000                   




    VOLTAGE SOURCE CURRENTS
    NAME         CURRENT

    V_V1        -1.139E-02
    V_V2        -1.139E-02
    V_V3         4.729E-10
    X_U1.VB     -3.641E-14
    X_U1.VC      9.801E-12
    X_U1.VE      9.801E-12
    X_U1.VLIM    5.150E-10
    X_U1.VLP    -2.500E-11
    X_U1.VLN    -2.500E-11

    TOTAL POWER DISSIPATION   2.73E-01  WATTS



          JOB CONCLUDED

**** 08/25/25 14:54:54 **** PSpice 23.1.0 (30 January 2024) *** ID# 0 ********

 ** Profile: "Baxandall-ACSweep"  [ C:\Rafael\UFRJ\TCC\Simulations\TCC-PSpiceFiles\Baxandall\ACSweep.sim ] 


 ****     JOB STATISTICS SUMMARY


******************************************************************************



  Total job time (using Solver 1)   =         .39
