Added Component: Designator=U2(HTSSOP-28)
Added Pin To Net: NetName=NetR5_2 Pin=U2-1
Added Pin To Net: NetName=NetR5_2 Pin=U2-2
Added Pin To Net: NetName=GND Pin=U2-3
Added Pin To Net: NetName=GND Pin=U2-4
Added Pin To Net: NetName=GAIN0_LEFT Pin=U2-5
Added Pin To Net: NetName=GAIN1_LEFT Pin=U2-6
Added Pin To Net: NetName=AVCC_L Pin=U2-7
Added Pin To Net: NetName=GND Pin=U2-8
Added Pin To Net: NetName=NetC18_1 Pin=U2-9
Added Pin To Net: NetName=NetC18_1 Pin=U2-10
Added Pin To Net: NetName=INPUTL_N Pin=U2-11
Added Pin To Net: NetName=INPUTL_P Pin=U2-12
Added Pin To Net: NetName=NetR8_1 Pin=U2-14
Added Pin To Net: NetName=+24_L Pin=U2-15
Added Pin To Net: NetName=+24_L Pin=U2-16
Added Pin To Net: NetName=NetC19_1 Pin=U2-17
Added Pin To Net: NetName=NetC19_2 Pin=U2-18
Added Pin To Net: NetName=GND Pin=U2-19
Added Pin To Net: NetName=NetC19_2 Pin=U2-20
Added Pin To Net: NetName=NetC19_1 Pin=U2-21
Added Pin To Net: NetName=NetC17_1 Pin=U2-22
Added Pin To Net: NetName=NetC17_2 Pin=U2-23
Added Pin To Net: NetName=GND Pin=U2-24
Added Pin To Net: NetName=NetC17_2 Pin=U2-25
Added Pin To Net: NetName=NetC17_1 Pin=U2-26
Added Pin To Net: NetName=+24_L Pin=U2-27
Added Pin To Net: NetName=+24_L Pin=U2-28
Added Pin To Net: NetName=GND Pin=U2-29
Added Member To Class: ClassName=Amp2 Member=Component U2 TPA3112D1
