Removed Pin From Net: NetName=GND Pin=U1-3
Removed Pin From Net: NetName=GND Pin=U1-4
Removed Pin From Net: NetName=GAIN0_RIGHT Pin=U1-5
Removed Pin From Net: NetName=GAIN1_RIGHT Pin=U1-6
Removed Pin From Net: NetName=AVCC_R Pin=U1-7
Removed Pin From Net: NetName=GND Pin=U1-8
Removed Pin From Net: NetName=INPUTR_N Pin=U1-11
Removed Pin From Net: NetName=INPUTR_P Pin=U1-12
Removed Pin From Net: NetName=+24_R Pin=U1-15
Removed Pin From Net: NetName=+24_R Pin=U1-16
Removed Pin From Net: NetName=NetC7_2 Pin=U1-18
Removed Pin From Net: NetName=GND Pin=U1-19
Removed Pin From Net: NetName=NetC7_2 Pin=U1-20
Removed Pin From Net: NetName=NetC5_2 Pin=U1-23
Removed Pin From Net: NetName=GND Pin=U1-24
Removed Pin From Net: NetName=NetC5_2 Pin=U1-25
Removed Pin From Net: NetName=+24_R Pin=U1-27
Removed Pin From Net: NetName=+24_R Pin=U1-28
Removed Pin From Net: NetName=GND Pin=U1-29
Removed Member From Class: ClassName=Amp1 Member=U1
