Removed Pin From Net: NetName=+24_R Pin=C4-2
Removed Pin From Net: NetName=+24_L Pin=C16-2
Removed Pin From Net: NetName=+24_R Pin=R4-2
Removed Pin From Net: NetName=+24_R Pin=SW1-2
Removed Pin From Net: NetName=+24_R Pin=SW1-3
Removed Pin From Net: NetName=+24_L Pin=SW2-2
Removed Pin From Net: NetName=+24_L Pin=SW2-3
Removed Pin From Net: NetName=+24_R Pin=U1-7
Removed Pin From Net: NetName=+24_L Pin=U2-7
Added Component: Designator=REG1(LM2596)
Added Component: Designator=REG2(LM2596)
Added Pin To Net: NetName=+24_R Pin=REG1-0
Added Pin To Net: NetName=GND Pin=REG1-1
Added Pin To Net: NetName=GND Pin=REG1-3
Added Pin To Net: NetName=+24_L Pin=REG2-0
Added Pin To Net: NetName=GND Pin=REG2-1
Added Pin To Net: NetName=GND Pin=REG2-3
Added Pin To Net: NetName=AVCC_L Pin=C16-2
Added Pin To Net: NetName=AVCC_L Pin=REG2-2
Added Pin To Net: NetName=AVCC_L Pin=SW2-2
Added Pin To Net: NetName=AVCC_L Pin=SW2-3
Added Pin To Net: NetName=AVCC_L Pin=U2-7
Added Net: Name=AVCC_L
Added Pin To Net: NetName=AVCC_R Pin=C4-2
Added Pin To Net: NetName=AVCC_R Pin=R4-2
Added Pin To Net: NetName=AVCC_R Pin=REG1-2
Added Pin To Net: NetName=AVCC_R Pin=SW1-2
Added Pin To Net: NetName=AVCC_R Pin=SW1-3
Added Pin To Net: NetName=AVCC_R Pin=U1-7
Added Net: Name=AVCC_R
Added Member To Class: ClassName=Schematic Member=Component REG1 DC-DC CONVERTER
Added Member To Class: ClassName=Schematic Member=Component REG2 DC-DC CONVERTER
Added Rule: Name=Schematic Supply Nets_1
Added Rule: Name=Schematic Supply Nets_4
