Added Component: Designator=U?(HTSSOP-28)
Added Pin To Net: NetName=GND Pin=U?-3
Added Pin To Net: NetName=GND Pin=U?-4
Added Pin To Net: NetName=GAIN0_RIGHT Pin=U?-5
Added Pin To Net: NetName=GAIN1_RIGHT Pin=U?-6
Added Pin To Net: NetName=AVCC_R Pin=U?-7
Added Pin To Net: NetName=GND Pin=U?-8
Added Pin To Net: NetName=INPUTR_N Pin=U?-11
Added Pin To Net: NetName=INPUTR_P Pin=U?-12
Added Pin To Net: NetName=+24_R Pin=U?-15
Added Pin To Net: NetName=+24_R Pin=U?-16
Added Pin To Net: NetName=NetC7_2 Pin=U?-18
Added Pin To Net: NetName=GND Pin=U?-19
Added Pin To Net: NetName=NetC7_2 Pin=U?-20
Added Pin To Net: NetName=NetC5_2 Pin=U?-23
Added Pin To Net: NetName=GND Pin=U?-24
Added Pin To Net: NetName=NetC5_2 Pin=U?-25
Added Pin To Net: NetName=+24_R Pin=U?-27
Added Pin To Net: NetName=+24_R Pin=U?-28
Added Pin To Net: NetName=GND Pin=U?-29
Added Pin To Net: NetName=NetC5_1 Pin=C5-1
Added Pin To Net: NetName=NetC5_1 Pin=U?-22
Added Pin To Net: NetName=NetC5_1 Pin=U?-26
Added Net: Name=NetC5_1
Added Pin To Net: NetName=NetC6_1 Pin=C6-1
Added Pin To Net: NetName=NetC6_1 Pin=U?-9
Added Pin To Net: NetName=NetC6_1 Pin=U?-10
Added Net: Name=NetC6_1
Added Pin To Net: NetName=NetC7_1 Pin=C7-1
Added Pin To Net: NetName=NetC7_1 Pin=U?-17
Added Pin To Net: NetName=NetC7_1 Pin=U?-21
Added Net: Name=NetC7_1
Added Pin To Net: NetName=NetR1_2 Pin=R1-2
Added Pin To Net: NetName=NetR1_2 Pin=U?-1
Added Pin To Net: NetName=NetR1_2 Pin=U?-2
Added Net: Name=NetR1_2
Added Pin To Net: NetName=NetR4_1 Pin=R4-1
Added Pin To Net: NetName=NetR4_1 Pin=U?-14
Added Net: Name=NetR4_1
Added Member To Class: ClassName=Amp1 Member=Component U? TPA3112D1
