Removed Pin From Net: NetName=NetC7_2 Pin=J4-1
Removed Pin From Net: NetName=NetC5_2 Pin=J4-2
Removed Pin From Net: NetName=NetC19_2 Pin=J5-1
Removed Pin From Net: NetName=NetC17_2 Pin=J5-2
Added Component: Designator=C10(CAP50V)
Add component (AddParameter): Name = "Check_prices"; Value = "https://www.snapeda.com/parts/EEU-EE2W560/Panasonic/view-part/2337485/?ref=eda"; VariantName = "[No Variations]"
Add component (AddParameter): Name = "Digi-Key_Part_Number"; Value = "P13679-ND"; VariantName = "[No Variations]"
Add component (AddParameter): Name = "MF"; Value = "Panasonic"; VariantName = "[No Variations]"
Add component (AddParameter): Name = "MP"; Value = "EEU-EE2W560"; VariantName = "[No Variations]"
Add component (AddParameter): Name = "Package"; Value = "RADIAL-2 Panasonic"; VariantName = "[No Variations]"
Add component (AddParameter): Name = "Purchase-URL"; Value = "https://pricing.snapeda.com/search/part/EEU-EE2W560/?ref=eda"; VariantName = "[No Variations]"
Add component (AddParameter): Name = "SnapEDA_Link"; Value = "https://www.snapeda.com/parts/EEU-EE2W560/Panasonic/view-part/2337485/?ref=snap"; VariantName = "[No Variations]"
Add component (AddParameter): Name = "Value"; Value = ""; VariantName = "[No Variations]"
Added Component: Designator=C11(CAP50V)
Add component (AddParameter): Name = "Check_prices"; Value = "https://www.snapeda.com/parts/EEU-EE2W560/Panasonic/view-part/2337485/?ref=eda"; VariantName = "[No Variations]"
Add component (AddParameter): Name = "Digi-Key_Part_Number"; Value = "P13679-ND"; VariantName = "[No Variations]"
Add component (AddParameter): Name = "MF"; Value = "Panasonic"; VariantName = "[No Variations]"
Add component (AddParameter): Name = "MP"; Value = "EEU-EE2W560"; VariantName = "[No Variations]"
Add component (AddParameter): Name = "Package"; Value = "RADIAL-2 Panasonic"; VariantName = "[No Variations]"
Add component (AddParameter): Name = "Purchase-URL"; Value = "https://pricing.snapeda.com/search/part/EEU-EE2W560/?ref=eda"; VariantName = "[No Variations]"
Add component (AddParameter): Name = "SnapEDA_Link"; Value = "https://www.snapeda.com/parts/EEU-EE2W560/Panasonic/view-part/2337485/?ref=snap"; VariantName = "[No Variations]"
Add component (AddParameter): Name = "Value"; Value = ""; VariantName = "[No Variations]"
Added Component: Designator=C12(CAP50V)
Add component (AddParameter): Name = "Check_prices"; Value = "https://www.snapeda.com/parts/EEU-EE2W560/Panasonic/view-part/2337485/?ref=eda"; VariantName = "[No Variations]"
Add component (AddParameter): Name = "Digi-Key_Part_Number"; Value = "P13679-ND"; VariantName = "[No Variations]"
Add component (AddParameter): Name = "MF"; Value = "Panasonic"; VariantName = "[No Variations]"
Add component (AddParameter): Name = "MP"; Value = "EEU-EE2W560"; VariantName = "[No Variations]"
Add component (AddParameter): Name = "Package"; Value = "RADIAL-2 Panasonic"; VariantName = "[No Variations]"
Add component (AddParameter): Name = "Purchase-URL"; Value = "https://pricing.snapeda.com/search/part/EEU-EE2W560/?ref=eda"; VariantName = "[No Variations]"
Add component (AddParameter): Name = "SnapEDA_Link"; Value = "https://www.snapeda.com/parts/EEU-EE2W560/Panasonic/view-part/2337485/?ref=snap"; VariantName = "[No Variations]"
Add component (AddParameter): Name = "Value"; Value = ""; VariantName = "[No Variations]"
Added Component: Designator=C22(CAP50V)
Add component (AddParameter): Name = "Check_prices"; Value = "https://www.snapeda.com/parts/EEU-EE2W560/Panasonic/view-part/2337485/?ref=eda"; VariantName = "[No Variations]"
Add component (AddParameter): Name = "Digi-Key_Part_Number"; Value = "P13679-ND"; VariantName = "[No Variations]"
Add component (AddParameter): Name = "MF"; Value = "Panasonic"; VariantName = "[No Variations]"
Add component (AddParameter): Name = "MP"; Value = "EEU-EE2W560"; VariantName = "[No Variations]"
Add component (AddParameter): Name = "Package"; Value = "RADIAL-2 Panasonic"; VariantName = "[No Variations]"
Add component (AddParameter): Name = "Purchase-URL"; Value = "https://pricing.snapeda.com/search/part/EEU-EE2W560/?ref=eda"; VariantName = "[No Variations]"
Add component (AddParameter): Name = "SnapEDA_Link"; Value = "https://www.snapeda.com/parts/EEU-EE2W560/Panasonic/view-part/2337485/?ref=snap"; VariantName = "[No Variations]"
Add component (AddParameter): Name = "Value"; Value = ""; VariantName = "[No Variations]"
Added Component: Designator=L1(DR124)
Added Component: Designator=L2(DR124)
Added Component: Designator=L3(DR124)
Added Component: Designator=L4(DR124)
Added Pin To Net: NetName=GND Pin=C10-N
Added Pin To Net: NetName=GND Pin=C11-N
Added Pin To Net: NetName=GND Pin=C12-N
Added Pin To Net: NetName=GND Pin=C22-N
Added Pin To Net: NetName=NetC7_2 Pin=L1-1
Added Pin To Net: NetName=NetC5_2 Pin=L2-2
Added Pin To Net: NetName=NetC19_2 Pin=L3-1
Added Pin To Net: NetName=NetC17_2 Pin=L4-2
Added Pin To Net: NetName=NetC10_P Pin=C10-P
Added Pin To Net: NetName=NetC10_P Pin=J4-1
Added Pin To Net: NetName=NetC10_P Pin=L1-2
Added Net: Name=NetC10_P
Added Pin To Net: NetName=NetC11_P Pin=C11-P
Added Pin To Net: NetName=NetC11_P Pin=J4-2
Added Pin To Net: NetName=NetC11_P Pin=L2-1
Added Net: Name=NetC11_P
Added Pin To Net: NetName=NetC12_P Pin=C12-P
Added Pin To Net: NetName=NetC12_P Pin=J5-1
Added Pin To Net: NetName=NetC12_P Pin=L3-2
Added Net: Name=NetC12_P
Added Pin To Net: NetName=NetC22_P Pin=C22-P
Added Pin To Net: NetName=NetC22_P Pin=J5-2
Added Pin To Net: NetName=NetC22_P Pin=L4-1
Added Net: Name=NetC22_P
Added Member To Class: ClassName=Schematic Member=Component C10 1uF
Added Member To Class: ClassName=Schematic Member=Component C11 1uF
Added Member To Class: ClassName=Schematic Member=Component C12 1uF
Added Member To Class: ClassName=Schematic Member=Component C22 1uF
Added Member To Class: ClassName=Schematic Member=Component L1 Inductor
Added Member To Class: ClassName=Schematic Member=Component L2 Inductor
Added Member To Class: ClassName=Schematic Member=Component L3 Inductor
Added Member To Class: ClassName=Schematic Member=Component L4 Inductor
