
**** 03/24/26 22:29:33 **** PSpice 23.1.0 (30 January 2024) *** ID# 0 ********

 ** Profile: "CompleteCircuit-ACSweep"  [ c:\rafael\ufrj\tcc\simulations\tcc-pspicefiles\completecircuit\acsweep.sim ] 


 ****     CIRCUIT DESCRIPTION


******************************************************************************




** Creating circuit file "ACSweep.cir" 
** WARNING: THIS AUTOMATICALLY GENERATED FILE MAY BE OVERWRITTEN BY SUBSEQUENT SIMULATIONS

*Libraries: 
* Profile Libraries :
* Local Libraries :
* From [PSPICE NETLIST] section of C:\cds_spb_home\cdssetup\OrCAD_PSpiceTIPSpice_Install\23.1.0\PSpice.ini file:
.lib "nom_pspti.lib" 
.lib "nom.lib" 

*Analysis directives: 
.AC DEC 1000 10 1Meg
.OPTIONS ADVCONV
.OPTIONS FILEMODELSEARCH
.PROBE64 V(alias(*)) I(alias(*)) W(alias(*)) D(alias(*)) NOISE(alias(*)) 
.INC "..\CompleteCircuit.net" 



**** INCLUDING CompleteCircuit.net ****
* source TCC
R_R5         N00863 N00837  30k TC=0,0 
V_V1         N00701 0  AC 1
+SIN 0 1 1k 0 0 0
C_C2         N00917 N00791  47n  TC=0,0 
R_R3         0 N00791  10k TC=0,0 
C_C1         N00791 N00701  0.22n  TC=0,0 
R_R7         N00803 N00701  20k TC=0,0 
R_R4         N00791 N00863  10k TC=0,0 
R_R2         0 N00917  6.7k TC=0,0 
R_R6         N00837 N00803  30k TC=0,0 
X_U3         0 N03512 +15 -15 N03444 TL072
X_R20         N03372 0 N03224 POT PARAMS: SET=0 VALUE=5k
R_R22         N03372 N03512  7.5k  
X_U2         0 N03106 +15 -15 N03116 TL072
R_R17         N03106 N03116  22k  
R_R18         N03214 N03224  7.5k  
R_R21         N03214 N03372  7.5k  
R_R23         N03512 N03444  22k  
R_R19         N03224 N03106  7.5k  
V_V3         0 -15 15
V_V2         +15 0 15
X_U4         N00701 N04402 +15 -15 N04402 TL072
C_C5         N05924 N05934  100n  
R_R13         N05934 N03214  12k  
X_R25         N06174 N06332 N06184 POT PARAMS: SET=0.5 VALUE=100k
R_R11         N04402 N05924  12k  
R_R29         N06468 N03214  3.9k  
R_R14         N06098 N06058  12k  
R_R27         N04402 N06462  3.9k  
C_C9         N06174 N06184  4.7n  
C_C10         N06098 N06332  22n  
X_R12         N05924 N06058 N05934 POT PARAMS: SET=0.5 VALUE=100k
X_R28         N06462 N06382 N06468 POT PARAMS: SET=0.5 VALUE=500k
R_R26         N06184 N03214  3.9k  
R_R24         N04402 N06174  3.9k  
X_U5         0 N06098 +15 -15 N03214 TL072
C_C8         N06382 N06098  3.9n  

**** RESUMING ACSweep.cir ****
.END

**** 03/24/26 22:29:33 **** PSpice 23.1.0 (30 January 2024) *** ID# 0 ********

 ** Profile: "CompleteCircuit-ACSweep"  [ c:\rafael\ufrj\tcc\simulations\tcc-pspicefiles\completecircuit\acsweep.sim ] 


 ****     Diode MODEL PARAMETERS


******************************************************************************




               X_U3.DX         X_U2.DX         X_U4.DX         X_U5.DX         
          IS  800.000000E-18  800.000000E-18  800.000000E-18  800.000000E-18 


**** 03/24/26 22:29:33 **** PSpice 23.1.0 (30 January 2024) *** ID# 0 ********

 ** Profile: "CompleteCircuit-ACSweep"  [ c:\rafael\ufrj\tcc\simulations\tcc-pspicefiles\completecircuit\acsweep.sim ] 


 ****     Junction FET MODEL PARAMETERS


******************************************************************************




               X_U3.JX         X_U2.JX         X_U4.JX         X_U5.JX         
               PJF             PJF             PJF             PJF             
         VTO   -1              -1              -1              -1            
        BETA  270.100000E-06  270.100000E-06  270.100000E-06  270.100000E-06 
          IS   15.000000E-12   15.000000E-12   15.000000E-12   15.000000E-12 


**** 03/24/26 22:29:33 **** PSpice 23.1.0 (30 January 2024) *** ID# 0 ********

 ** Profile: "CompleteCircuit-ACSweep"  [ c:\rafael\ufrj\tcc\simulations\tcc-pspicefiles\completecircuit\acsweep.sim ] 


 ****     SMALL SIGNAL BIAS SOLUTION       TEMPERATURE =   27.000 DEG C


******************************************************************************



 NODE   VOLTAGE     NODE   VOLTAGE     NODE   VOLTAGE     NODE   VOLTAGE


(  +15)   15.0000  (  -15)  -15.0000  (N00701)    0.0000 (N00791)    0.0000     

(N00803)    0.0000 (N00837)    0.0000 (N00863)    0.0000 (N00917)    0.0000     

(N03106) 10.97E-06 (N03116) 44.14E-06 (N03214) 14.85E-06 (N03224) 3.442E-12     

(N03372) 7.376E-06 (N03444) 22.51E-06 (N03512) 10.97E-06 (N04402) 10.97E-06     

(N05924) 11.08E-06 (N05934) 14.20E-06 (N06058) 11.51E-06 (N06098) 10.97E-06     

(N06174) 11.11E-06 (N06184) 14.71E-06 (N06332) 12.91E-06 (N06382) 12.91E-06     

(N06462) 11.00E-06 (N06468) 14.82E-06 (X_U2.6)-6.315E-09 (X_U2.7) 44.37E-06     

(X_U2.8) 44.37E-06 (X_U2.9)    0.0000 (X_U3.6)-3.209E-09 (X_U3.7) 22.58E-06     

(X_U3.8) 22.58E-06 (X_U3.9)    0.0000 (X_U4.6)-1.553E-09 (X_U4.7) 10.97E-06     

(X_U4.8) 10.97E-06 (X_U4.9)    0.0000 (X_U5.6)-2.233E-09 (X_U5.7) 15.31E-06     

(X_U5.8) 15.31E-06 (X_U5.9)    0.0000 (X_U2.10)    -.3986                       

(X_U2.11)  -14.6550                   (X_U2.12)  -14.6550                       

(X_U2.53)   12.8000                   (X_U2.54)  -12.8000                       

(X_U2.90) 1.508E-06                   (X_U2.91)   25.0000                       

(X_U2.92)  -25.0000                   (X_U2.99)    0.0000                       

(X_U3.10)    -.3986                   (X_U3.11)  -14.6550                       

(X_U3.12)  -14.6550                   (X_U3.53)   12.8000                       

(X_U3.54)  -12.8000                   (X_U3.90) 524.3E-09                       

(X_U3.91)   25.0000                   (X_U3.92)  -25.0000                       

(X_U3.99)    0.0000                   (X_U4.10)    -.3986                       

(X_U4.11)  -14.6550                   (X_U4.12)  -14.6550                       

(X_U4.53)   12.8000                   (X_U4.54)  -12.8000                       

(X_U4.90)-7.238E-09                   (X_U4.91)   25.0000                       

(X_U4.92)  -25.0000                   (X_U4.99)    0.0000                       

(X_U5.10)    -.3986                   (X_U5.11)  -14.6550                       

(X_U5.12)  -14.6550                   (X_U5.53)   12.8000                       

(X_U5.54)  -12.8000                   (X_U5.90) 3.073E-06                       

(X_U5.91)   25.0000                   (X_U5.92)  -25.0000                       

(X_U5.99)    0.0000                   




    VOLTAGE SOURCE CURRENTS
    NAME         CURRENT

    V_V1        -4.505E-11
    V_V3        -5.678E-02
    V_V2        -5.678E-02
    X_U3.VB     -3.209E-14
    X_U3.VC      1.280E-11
    X_U3.VE      1.280E-11
    X_U3.VLIM    5.243E-10
    X_U3.VLP    -2.500E-11
    X_U3.VLN    -2.500E-11
    X_U2.VB     -6.315E-14
    X_U2.VC      1.280E-11
    X_U2.VE      1.280E-11
    X_U2.VLIM    1.508E-09
    X_U2.VLP    -2.500E-11
    X_U2.VLN    -2.500E-11
    X_U4.VB     -1.553E-14
    X_U4.VC      1.280E-11
    X_U4.VE      1.280E-11
    X_U4.VLIM   -7.238E-12
    X_U4.VLP    -2.500E-11
    X_U4.VLN    -2.500E-11
    X_U5.VB     -2.233E-14
    X_U5.VC      1.280E-11
    X_U5.VE      1.280E-11
    X_U5.VLIM    3.073E-09
    X_U5.VLP    -2.500E-11
    X_U5.VLN    -2.500E-11

    TOTAL POWER DISSIPATION   1.70E+00  WATTS



          JOB CONCLUDED

**** 03/24/26 22:29:33 **** PSpice 23.1.0 (30 January 2024) *** ID# 0 ********

 ** Profile: "CompleteCircuit-ACSweep"  [ c:\rafael\ufrj\tcc\simulations\tcc-pspicefiles\completecircuit\acsweep.sim ] 


 ****     JOB STATISTICS SUMMARY


******************************************************************************



  Total job time (using Solver 1)   =         .45
